2026-03-17 21:07:51,154 [INFO] __main__: Database ready at dnd_sessions.db
2026-03-17 21:07:51,154 [INFO] __main__: Bot is running — press Ctrl+C to stop.
2026-03-17 21:07:53,455 (__init__.py:1241 MainThread) ERROR - TeleBot: "Threaded polling exception: A request to the Telegram API was unsuccessful. Error code: 400. Description: Bad Request: query is too old and response timeout expired or query ID is invalid"
2026-03-17 21:07:53,455 [ERROR] TeleBot: Threaded polling exception: A request to the Telegram API was unsuccessful. Error code: 400. Description: Bad Request: query is too old and response timeout expired or query ID is invalid
2026-03-17 21:07:53,456 (__init__.py:1243 MainThread) ERROR - TeleBot: "Exception traceback:
Traceback (most recent call last):
  File "/home/czar/Documents/dndschedulerbot/.venv/lib/python3.14/site-packages/telebot/__init__.py", line 1235, in __threaded_polling
    self.worker_pool.raise_exceptions()
    ~~~~~~~~~~~~~~~~~~~~~~~~~~~~~~~~~^^
  File "/home/czar/Documents/dndschedulerbot/.venv/lib/python3.14/site-packages/telebot/util.py", line 154, in raise_exceptions
    raise self.exception_info
  File "/home/czar/Documents/dndschedulerbot/.venv/lib/python3.14/site-packages/telebot/util.py", line 97, in run
    task(*args, **kwargs)
    ~~~~^^^^^^^^^^^^^^^^^
  File "/home/czar/Documents/dndschedulerbot/.venv/lib/python3.14/site-packages/telebot/__init__.py", line 10379, in _run_middlewares_and_handler
    result = handler['function'](message)
  File "/home/czar/Documents/dndschedulerbot/main.py", line 345, in callback_handler
    bot.answer_callback_query(call.id)
    ~~~~~~~~~~~~~~~~~~~~~~~~~^^^^^^^^^
  File "/home/czar/Documents/dndschedulerbot/.venv/lib/python3.14/site-packages/telebot/__init__.py", line 6503, in answer_callback_query
    return apihelper.answer_callback_query(
           ~~~~~~~~~~~~~~~~~~~~~~~~~~~~~~~^
        self.token, callback_query_id, text=text, show_alert=show_alert, url=url, cache_time=cache_time)
        ^^^^^^^^^^^^^^^^^^^^^^^^^^^^^^^^^^^^^^^^^^^^^^^^^^^^^^^^^^^^^^^^^^^^^^^^^^^^^^^^^^^^^^^^^^^^^^^^
  File "/home/czar/Documents/dndschedulerbot/.venv/lib/python3.14/site-packages/telebot/apihelper.py", line 2016, in answer_callback_query
    return _make_request(token, method_url, params=payload, method='post')
  File "/home/czar/Documents/dndschedulerbot/.venv/lib/python3.14/site-packages/telebot/apihelper.py", line 168, in _make_request
    json_result = _check_result(method_name, result)
  File "/home/czar/Documents/dndschedulerbot/.venv/lib/python3.14/site-packages/telebot/apihelper.py", line 197, in _check_result
    raise ApiTelegramException(method_name, result, result_json)
telebot.apihelper.ApiTelegramException: A request to the Telegram API was unsuccessful. Error code: 400. Description: Bad Request: query is too old and response timeout expired or query ID is invalid
"
2026-03-17 21:07:53,456 [ERROR] TeleBot: Exception traceback:
Traceback (most recent call last):
  File "/home/czar/Documents/dndschedulerbot/.venv/lib/python3.14/site-packages/telebot/__init__.py", line 1235, in __threaded_polling
    self.worker_pool.raise_exceptions()
    ~~~~~~~~~~~~~~~~~~~~~~~~~~~~~~~~~^^
  File "/home/czar/Documents/dndschedulerbot/.venv/lib/python3.14/site-packages/telebot/util.py", line 154, in raise_exceptions
    raise self.exception_info
  File "/home/czar/Documents/dndschedulerbot/.venv/lib/python3.14/site-packages/telebot/util.py", line 97, in run
    task(*args, **kwargs)
    ~~~~^^^^^^^^^^^^^^^^^
  File "/home/czar/Documents/dndschedulerbot/.venv/lib/python3.14/site-packages/telebot/__init__.py", line 10379, in _run_middlewares_and_handler
    result = handler['function'](message)
  File "/home/czar/Documents/dndschedulerbot/main.py", line 345, in callback_handler
    bot.answer_callback_query(call.id)
    ~~~~~~~~~~~~~~~~~~~~~~~~~^^^^^^^^^
  File "/home/czar/Documents/dndschedulerbot/.venv/lib/python3.14/site-packages/telebot/__init__.py", line 6503, in answer_callback_query
    return apihelper.answer_callback_query(
           ~~~~~~~~~~~~~~~~~~~~~~~~~~~~~~~^
        self.token, callback_query_id, text=text, show_alert=show_alert, url=url, cache_time=cache_time)
        ^^^^^^^^^^^^^^^^^^^^^^^^^^^^^^^^^^^^^^^^^^^^^^^^^^^^^^^^^^^^^^^^^^^^^^^^^^^^^^^^^^^^^^^^^^^^^^^^
  File "/home/czar/Documents/dndschedulerbot/.venv/lib/python3.14/site-packages/telebot/apihelper.py", line 2016, in answer_callback_query
    return _make_request(token, method_url, params=payload, method='post')
  File "/home/czar/Documents/dndschedulerbot/.venv/lib/python3.14/site-packages/telebot/apihelper.py", line 168, in _make_request
    json_result = _check_result(method_name, result)
  File "/home/czar/Documents/dndschedulerbot/.venv/lib/python3.14/site-packages/telebot/apihelper.py", line 197, in _check_result
    raise ApiTelegramException(method_name, result, result_json)
telebot.apihelper.ApiTelegramException: A request to the Telegram API was unsuccessful. Error code: 400. Description: Bad Request: query is too old and response timeout expired or query ID is invalid

